(
	(
		lit [here]
		lit [is]
		lit [a]
		lit [tree]
		lit [to]
		lit [copy]
	)
	(
		lit [it]
		lit [has]
		lit [some]
		lit [branches]
		(
			lit [and]
			lit [some]
			lit [nesting]
		)
		lit [hopefully]
		lit [it]
		lit [gets]
		(
			lit [all]
		)
		lit [the]
		lit [bugs]
		(
			lit [out]
		)
	)
)
(
	(
		lit [here]
		lit [is]
		lit [a]
		lit [tree]
		lit [to]
		lit [copy]
	)
	(
		lit [it]
		lit [has]
		lit [some]
		lit [branches]
		(
			lit [and]
			lit [some]
			lit [nesting]
		)
		lit [hopefully]
		lit [it]
		lit [gets]
		(
			lit [all]
		)
		lit [the]
		lit [bugs]
		(
			lit [out]
		)
	)
)
