(
	(
		lit [this]
		lit [is]
		lit [a]
		lit [list]
	)
	(
		lit [this]
		lit [is]
		lit [a]
		lit [list]
		lit [with]
		(
			lit [1234]
		)
		lit [and]
		(
			lit [5678]
		)
	)
	(
		lit [this]
		(
			lit [1234]
		)
		lit [is]
		lit [in]
		(
			lit [5678]
		)
		lit [a]
		lit [new]
		lit [list]
		(
			lit [with]
			lit [some]
			lit [more]
			(
				lit [1234]
			)
		)
		(
			lit [nested]
			lit [within]
		)
		(
			lit [but]
			lit [only]
			(
				lit [1234]
			)
			lit [intermittently]
		)
	)
	(
	)
	(
		lit [more]
		(
			lit [5678]
		)
		lit [lists]
	)
	(
		lit [more]
		(
			lit [1234]
		)
		lit [lists]
		(
			lit [within]
			(
				(
					lit [1234]
				)
			)
			lit [lists]
		)
	)
)
