TOKEN: (01,00) [this]
TOKEN: (01,05) [is]
TOKEN: (01,08) [a]
TOKEN: (01,10) [series]
TOKEN: (01,17) [of]
TOKEN: (01,20) [tokens]
TOKEN: (01,27) [on]
TOKEN: (01,30) [one]
TOKEN: (01,34) [line]
TOKEN: (02,00) [here]
TOKEN: (03,00) [are]
TOKEN: (04,00) [several]
TOKEN: (05,00) [tokens]
TOKEN: (05,07) [with]
TOKEN: (06,00) [some]
TOKEN: (06,05) [newlines]
TOKEN: (06,14) [in]
TOKEN: (07,00) [between]
TOKEN: (07,08) [them]
TOKEN: (08,00) [and]
TOKEN: (08,04) ["here are some"]
TOKEN: (09,00) ["quotes to"]
TOKEN: (09,12) [test]
TOKEN: (09,17) ["the tokenizers"detection]
TOKEN: (09,43) ["abilities "for"such things"]
TOKEN: (10,00) [this]
TOKEN: (10,04) [(]
TOKEN: (10,05) [is]
TOKEN: (10,07) [)]
TOKEN: (10,08) [some]
TOKEN: (10,13) [(]
TOKEN: (10,14) [text]
TOKEN: (10,19) [with]
TOKEN: (10,24) [spaces]
TOKEN: (10,30) [)]
TOKEN: (10,32) [in]
TOKEN: (10,34) [(]
TOKEN: (10,35) [)]
TOKEN: (10,36) [it]
TOKEN: (10,39) ["lets(see)how"it]
TOKEN: (10,55) [(]
TOKEN: (10,56) ["interacts)"with]
TOKEN: (10,72) [)]
TOKEN: (10,73) ["(quotes)"]
